{
  "name": "customer_api",
  "version": "0.0.1",
  "description": "Generated by nodejs-app plugin",
  "main": "main.js",
  "scripts": {
    "run": "node src/main.js"
  }
}